// Jest Snapshot v1, https://goo.gl/fbAQLP

exports[`ArticleList tests renders correctly 1`] = `
<div>
  <div>
    <ul
      class="container"
    >
      <li
        class="container"
      >
        <article
          class="article"
        >
          <div
            class="wrapper"
          >
            <div>
              <img
                alt="The Statue of Liberty's torch heads to new museum"
                class="picture"
                height="150"
                src="https://cdn.cnn.com/cnnnext/dam/assets/181122102925-statue-of-liberty-crown-super-169.jpg"
                width="200"
              />
            </div>
            <h2
              class="title"
            >
              The Statue of Liberty's torch heads to new museum
            </h2>
          </div>
          <button
            class="button"
          >
            Show more
          </button>
        </article>
      </li>
    </ul>
  </div>
</div>
`;
