// Jest Snapshot v1, https://goo.gl/fbAQLP

exports[`ArticleTextToggleButton tests renders correctly after button is clicked 1`] = `
<div>
  <button
    class="button"
  >
    Show less
  </button>
</div>
`;
